
> interface2@0.1.0 start
> PORT=3002 react-app-rewired start

[HPM] Proxy created: /api  -> http://192.168.0.190
[HPM] Proxy created: /ws  -> ws://192.168.0.190
Starting the development server...

=============

WARNING: You are currently running a version of TypeScript which is not officially supported by typescript-estree.

You may find that it works just fine, or you may not.

SUPPORTED TYPESCRIPT VERSIONS: >=3.2.1 <3.5.0

YOUR TYPESCRIPT VERSION: 4.5.2

Please only submit bug reports when using the officially supported version.

=============
(node:21704) [DEP0060] DeprecationWarning: The `util._extend` API is deprecated. Please use Object.assign() instead.
(Use `node --trace-deprecation ...` to show where the warning was created)
Failed to compile.

/Users/owner/iot/esp8266-react-scheduler/interface/src/project/automation/channels/status/OptimizedChannelStatus.tsx
TypeScript error in /Users/owner/iot/esp8266-react-scheduler/interface/src/project/automation/channels/status/OptimizedChannelStatus.tsx(182,44):
Property 'isOverride' does not exist on type 'Schedule'.  TS2339

    180 |           endTimeHour: updatedData.schedule.endTimeHour,
    181 |           endTimeMinute: updatedData.schedule.endTimeMinute,
  > 182 |           isOverride: updatedData.schedule.isOverride,
        |                                            ^
    183 |           weekDays: updatedData.schedule.weekDays
    184 |           // Removed: isOverrideActive - this might be read-only
    185 |         }
The build failed because the process exited too early. This probably means the system ran out of memory or someone called `kill -9` on the process.
